[    0.000000] Initializing cgroup subsys cpuset
[    0.000000] Initializing cgroup subsys cpu
[    0.000000] Initializing cgroup subsys cpuacct
[    0.000000] Linux version 4.4.0-59-generic (buildd@lgw01-11) (gcc version 5.4.0 20160609 (Ubuntu 5.4.0-6ubuntu1~16.04.4) ) #80-Ubuntu SMP Fri Jan 6 17:47:47 UTC 2017 (Ubuntu 4.4.0-59.80-generic 4.4.35)
[    0.000000] Command line: BOOT_IMAGE=/boot/vmlinuz-4.4.0-59-generic root=LABEL=cloudimg-rootfs ro console=tty1 console=ttyS0
[    0.000000] KERNEL supported cpus:
[    0.000000]   Intel GenuineIntel
[    0.000000]   AMD AuthenticAMD
[    0.000000]   Centaur CentaurHauls
[    0.000000] x86/fpu: xstate_offset[2]:  576, xstate_sizes[2]:  256
[    0.000000] x86/fpu: Supporting XSAVE feature 0x01: 'x87 floating point registers'
[    0.000000] x86/fpu: Supporting XSAVE feature 0x02: 'SSE registers'
[    0.000000] x86/fpu: Supporting XSAVE feature 0x04: 'AVX registers'
[    0.000000] x86/fpu: Enabled xstate features 0x7, context size is 832 bytes, using 'standard' format.
[    0.000000] x86/fpu: Using 'lazy' FPU context switches.
[    0.000000] e820: BIOS-provided physical RAM map:
[    0.000000] BIOS-e820: [mem 0x0000000000000000-0x000000000009fbff] usable
[    0.000000] BIOS-e820: [mem 0x000000000009fc00-0x000000000009ffff] reserved
[    0.000000] BIOS-e820: [mem 0x00000000000f0000-0x00000000000fffff] reserved
[    0.000000] BIOS-e820: [mem 0x0000000000100000-0x000000003ffeffff] usable
[    0.000000] BIOS-e820: [mem 0x000000003fff0000-0x000000003fffffff] ACPI data
[    0.000000] BIOS-e820: [mem 0x00000000fec00000-0x00000000fec00fff] reserved
[    0.000000] BIOS-e820: [mem 0x00000000fee00000-0x00000000fee00fff] reserved
[    0.000000] BIOS-e820: [mem 0x00000000fffc0000-0x00000000ffffffff] reserved
[    0.000000] NX (Execute Disable) protection: active
[    0.000000] SMBIOS 2.5 present.
[    0.000000] Hypervisor detected: KVM
[    0.000000] e820: last_pfn = 0x3fff0 max_arch_pfn = 0x400000000
[    0.000000] MTRR: Disabled
[    0.000000] x86/PAT: MTRRs disabled, skipping PAT initialization too.
[    0.000000] x86/PAT: Configuration [0-7]: WB  WT  UC- UC  WB  WT  UC- UC  
[    0.000000] CPU MTRRs all blank - virtualized system.
[    0.000000] found SMP MP-table at [mem 0x0009fff0-0x0009ffff] mapped at [ffff88000009fff0]
[    0.000000] Scanning 1 areas for low memory corruption
[    0.000000] RAMDISK: [mem 0x36b68000-0x375abfff]
[    0.000000] ACPI: Early table checksum verification disabled
[    0.000000] ACPI: RSDP 0x00000000000E0000 000024 (v02 VBOX  )
[    0.000000] ACPI: XSDT 0x000000003FFF0030 00003C (v01 VBOX   VBOXXSDT 00000001 ASL  00000061)
[    0.000000] ACPI: FACP 0x000000003FFF00F0 0000F4 (v04 VBOX   VBOXFACP 00000001 ASL  00000061)
[    0.000000] ACPI: DSDT 0x000000003FFF0470 00210F (v01 VBOX   VBOXBIOS 00000002 INTL 20100528)
[    0.000000] ACPI: FACS 0x000000003FFF0200 000040
[    0.000000] ACPI: FACS 0x000000003FFF0200 000040
[    0.000000] ACPI: APIC 0x000000003FFF0240 00005C (v02 VBOX   VBOXAPIC 00000001 ASL  00000061)
[    0.000000] ACPI: SSDT 0x000000003FFF02A0 0001CC (v01 VBOX   VBOXCPUT 00000002 INTL 20100528)
[    0.000000] No NUMA configuration found
[    0.000000] Faking a node at [mem 0x0000000000000000-0x000000003ffeffff]
[    0.000000] NODE_DATA(0) allocated [mem 0x3ffeb000-0x3ffeffff]
[    0.000000] kvm-clock: Using msrs 4b564d01 and 4b564d00
[    0.000000] kvm-clock: cpu 0, msr 0:3ffe3001, primary cpu clock
[    0.000000] kvm-clock: using sched offset of 3007376490 cycles
[    0.000000] clocksource: kvm-clock: mask: 0xffffffffffffffff max_cycles: 0x1cd42e4dffb, max_idle_ns: 881590591483 ns
[    0.000000] Zone ranges:
[    0.000000]   DMA      [mem 0x0000000000001000-0x0000000000ffffff]
[    0.000000]   DMA32    [mem 0x0000000001000000-0x000000003ffeffff]
[    0.000000]   Normal   empty
[    0.000000]   Device   empty
[    0.000000] Movable zone start for each node
[    0.000000] Early memory node ranges
[    0.000000]   node   0: [mem 0x0000000000001000-0x000000000009efff]
[    0.000000]   node   0: [mem 0x0000000000100000-0x000000003ffeffff]
[    0.000000] Initmem setup node 0 [mem 0x0000000000001000-0x000000003ffeffff]
[    0.000000] ACPI: PM-Timer IO Port: 0x4008
[    0.000000] IOAPIC[0]: apic_id 2, version 32, address 0xfec00000, GSI 0-23
[    0.000000] ACPI: INT_SRC_OVR (bus 0 bus_irq 0 global_irq 2 dfl dfl)
[    0.000000] ACPI: INT_SRC_OVR (bus 0 bus_irq 9 global_irq 9 high level)
[    0.000000] Using ACPI (MADT) for SMP configuration information
[    0.000000] smpboot: Allowing 2 CPUs, 0 hotplug CPUs
[    0.000000] PM: Registered nosave memory: [mem 0x00000000-0x00000fff]
[    0.000000] PM: Registered nosave memory: [mem 0x0009f000-0x0009ffff]
[    0.000000] PM: Registered nosave memory: [mem 0x000a0000-0x000effff]
[    0.000000] PM: Registered nosave memory: [mem 0x000f0000-0x000fffff]
[    0.000000] e820: [mem 0x40000000-0xfebfffff] available for PCI devices
[    0.000000] Booting paravirtualized kernel on KVM
[    0.000000] clocksource: refined-jiffies: mask: 0xffffffff max_cycles: 0xffffffff, max_idle_ns: 7645519600211568 ns
[    0.000000] setup_percpu: NR_CPUS:512 nr_cpumask_bits:512 nr_cpu_ids:2 nr_node_ids:1
[    0.000000] PERCPU: Embedded 33 pages/cpu @ffff88003fc00000 s98264 r8192 d28712 u1048576
[    0.000000] PV qspinlock hash table entries: 256 (order: 0, 4096 bytes)
[    0.000000] Built 1 zonelists in Node order, mobility grouping on.  Total pages: 257913
[    0.000000] Policy zone: DMA32
[    0.000000] Kernel command line: BOOT_IMAGE=/boot/vmlinuz-4.4.0-59-generic root=LABEL=cloudimg-rootfs ro console=tty1 console=ttyS0
[    0.000000] PID hash table entries: 4096 (order: 3, 32768 bytes)
[    0.000000] Memory: 1002068K/1048120K available (8436K kernel code, 1291K rwdata, 3960K rodata, 1488K init, 1316K bss, 46052K reserved, 0K cma-reserved)
[    0.000000] SLUB: HWalign=64, Order=0-3, MinObjects=0, CPUs=2, Nodes=1
[    0.000000] Hierarchical RCU implementation.
[    0.000000] 	Build-time adjustment of leaf fanout to 64.
[    0.000000] 	RCU restricting CPUs from NR_CPUS=512 to nr_cpu_ids=2.
[    0.000000] RCU: Adjusting geometry for rcu_fanout_leaf=64, nr_cpu_ids=2
[    0.000000] NR_IRQS:33024 nr_irqs:440 16
[    0.000000] Console: colour VGA+ 80x25
[    0.000000] console [tty1] enabled
[    0.000000] console [ttyS0] enabled
[    0.000000] tsc: Detected 2903.998 MHz processor
[    2.073366] Calibrating delay loop (skipped) preset value.. 5807.99 BogoMIPS (lpj=11615992)
[    2.079755] pid_max: default: 32768 minimum: 301
[    2.081126] ACPI: Core revision 20150930
[    2.084457] ACPI: 2 ACPI AML tables successfully acquired and loaded
[    2.094053] Security Framework initialized
[    2.096333] Yama: becoming mindful.
[    2.103756] AppArmor: AppArmor initialized
[    2.110468] Dentry cache hash table entries: 131072 (order: 8, 1048576 bytes)
[    2.125245] Inode-cache hash table entries: 65536 (order: 7, 524288 bytes)
[    2.128945] Mount-cache hash table entries: 2048 (order: 2, 16384 bytes)
[    2.141416] Mountpoint-cache hash table entries: 2048 (order: 2, 16384 bytes)
[    2.147989] Initializing cgroup subsys io
[    2.150597] Initializing cgroup subsys memory
[    2.155923] Initializing cgroup subsys devices
[    2.156882] Initializing cgroup subsys freezer
[    2.172471] Initializing cgroup subsys net_cls
[    2.173425] Initializing cgroup subsys perf_event
[    2.179780] Initializing cgroup subsys net_prio
[    2.184392] Initializing cgroup subsys hugetlb
[    2.187234] Initializing cgroup subsys pids
[    2.188226] CPU: Physical Processor ID: 0
[    2.191550] CPU: Processor Core ID: 0
[    2.196966] mce: CPU supports 0 MCE banks
[    2.200836] Last level iTLB entries: 4KB 64, 2MB 8, 4MB 8
[    2.202860] Last level dTLB entries: 4KB 64, 2MB 0, 4MB 0, 1GB 4
[    2.219620] Freeing SMP alternatives memory: 32K (ffffffff820b8000 - ffffffff820c0000)
[    2.240873] ftrace: allocating 32064 entries in 126 pages
[    2.287526] smpboot: APIC(0) Converting physical 0 to logical package 0
[    2.312728] smpboot: Max logical packages: 1
[    2.316234] x2apic enabled
[    2.320325] Switched APIC routing to physical x2apic.
[    2.325151] ..TIMER: vector=0x30 apic1=0 pin1=2 apic2=-1 pin2=-1
[    2.438770] smpboot: CPU0: Intel(R) Core(TM) i5-6267U CPU @ 2.90GHz (family: 0x6, model: 0x4e, stepping: 0x3)
[    2.454198] Performance Events: unsupported p6 CPU model 78 no PMU driver, software events only.
[    2.471238] KVM setup paravirtual spinlock
[    2.480455] x86: Booting SMP configuration:
[    2.483759] .... node  #0, CPUs:      #1
[    2.484844] kvm-clock: cpu 1, msr 0:3ffe3041, secondary cpu clock
[    2.505042] mce: CPU supports 0 MCE banks
[    2.522820] x86: Booted up 1 node, 2 CPUs
[    2.524191] smpboot: Total of 2 processors activated (11615.99 BogoMIPS)
[    2.526598] devtmpfs: initialized
[    2.553102] evm: security.selinux
[    2.555639] evm: security.SMACK64
[    2.556400] evm: security.SMACK64EXEC
[    2.562343] evm: security.SMACK64TRANSMUTE
[    2.588390] evm: security.SMACK64MMAP
[    2.626974] evm: security.ima
[    2.667649] evm: security.capability
[    2.707120] clocksource: jiffies: mask: 0xffffffff max_cycles: 0xffffffff, max_idle_ns: 7645041785100000 ns
[    2.832314] pinctrl core: initialized pinctrl subsystem
[    2.859525] RTC time: 22:53:05, date: 01/29/17
[    2.864838] NET: Registered protocol family 16
[    2.891038] cpuidle: using governor ladder
[    2.907279] cpuidle: using governor menu
[    2.909611] PCCT header not found.
[    2.910772] ACPI: bus type PCI registered
[    2.914074] acpiphp: ACPI Hot Plug PCI Controller Driver version: 0.5
[    2.926443] PCI: Using configuration type 1 for base access
[    2.959939] ACPI: Added _OSI(Module Device)
[    2.985199] ACPI: Added _OSI(Processor Device)
[    3.014069] ACPI: Added _OSI(3.0 _SCP Extensions)
[    3.045577] ACPI: Added _OSI(Processor Aggregator Device)
[    3.064291] ACPI: Executed 1 blocks of module-level executable AML code
[    3.075166] ACPI: Interpreter enabled
[    3.081877] ACPI: (supports S0 S5)
[    3.093616] ACPI: Using IOAPIC for interrupt routing
[    3.096033] PCI: Using host bridge windows from ACPI; if necessary, use "pci=nocrs" and report a bug
[    3.132617] ACPI: PCI Root Bridge [PCI0] (domain 0000 [bus 00-ff])
[    3.151229] acpi PNP0A03:00: _OSC: OS supports [ASPM ClockPM Segments MSI]
[    3.176903] acpi PNP0A03:00: _OSC failed (AE_NOT_FOUND); disabling ASPM
[    3.201426] acpi PNP0A03:00: fail to add MMCONFIG information, can't access extended PCI configuration space under this bridge.
[    3.235785] PCI host bridge to bus 0000:00
[    3.236878] pci_bus 0000:00: root bus resource [io  0x0000-0x0cf7 window]
[    3.245127] pci_bus 0000:00: root bus resource [io  0x0d00-0xffff window]
[    3.269960] pci_bus 0000:00: root bus resource [mem 0x000a0000-0x000bffff window]
[    3.277419] pci_bus 0000:00: root bus resource [mem 0x40000000-0xffdfffff window]
[    3.298085] pci_bus 0000:00: root bus resource [bus 00-ff]
[    3.306494] pci 0000:00:01.1: legacy IDE quirk: reg 0x10: [io  0x01f0-0x01f7]
[    3.310234] pci 0000:00:01.1: legacy IDE quirk: reg 0x14: [io  0x03f6]
[    3.320205] pci 0000:00:01.1: legacy IDE quirk: reg 0x18: [io  0x0170-0x0177]
[    3.385175] pci 0000:00:01.1: legacy IDE quirk: reg 0x1c: [io  0x0376]
[    3.432790] pci 0000:00:07.0: quirk: [io  0x4000-0x403f] claimed by PIIX4 ACPI
[    3.461994] pci 0000:00:07.0: quirk: [io  0x4100-0x410f] claimed by PIIX4 SMB
[    3.473586] ACPI: PCI Interrupt Link [LNKA] (IRQs 5 9 10 *11)
[    3.507097] ACPI: PCI Interrupt Link [LNKB] (IRQs 5 9 10 *11)
[    3.567297] ACPI: PCI Interrupt Link [LNKC] (IRQs 5 9 *10 11)
[    3.627821] ACPI: PCI Interrupt Link [LNKD] (IRQs 5 *9 10 11)
[    3.660126] ACPI: Enabled 2 GPEs in block 00 to 07
[    3.685644] vgaarb: setting as boot device: PCI:0000:00:02.0
[    3.688603] vgaarb: device added: PCI:0000:00:02.0,decodes=io+mem,owns=io+mem,locks=none
[    3.703446] vgaarb: loaded
[    3.717088] vgaarb: bridge control possible 0000:00:02.0
[    3.746095] SCSI subsystem initialized
[    3.763715] ACPI: bus type USB registered
[    3.765751] usbcore: registered new interface driver usbfs
[    3.772277] usbcore: registered new interface driver hub
[    3.785608] usbcore: registered new device driver usb
[    3.786947] PCI: Using ACPI for IRQ routing
[    3.800664] NetLabel: Initializing
[    3.810900] NetLabel:  domain hash size = 128
[    3.813783] NetLabel:  protocols = UNLABELED CIPSOv4
[    3.832162] NetLabel:  unlabeled traffic allowed by default
[    3.833501] amd_nb: Cannot enumerate AMD northbridges
[    3.845892] clocksource: Switched to clocksource kvm-clock
[    3.923452] AppArmor: AppArmor Filesystem Enabled
[    3.938722] pnp: PnP ACPI init
[    3.955787] pnp: PnP ACPI: found 3 devices
[    4.020171] clocksource: acpi_pm: mask: 0xffffff max_cycles: 0xffffff, max_idle_ns: 2085701024 ns
[    4.037355] NET: Registered protocol family 2
[    4.046718] TCP established hash table entries: 8192 (order: 4, 65536 bytes)
[    4.067745] TCP bind hash table entries: 8192 (order: 5, 131072 bytes)
[    4.109833] TCP: Hash tables configured (established 8192 bind 8192)
[    4.141168] UDP hash table entries: 512 (order: 2, 16384 bytes)
[    4.152876] UDP-Lite hash table entries: 512 (order: 2, 16384 bytes)
[    4.171813] NET: Registered protocol family 1
[    4.193248] pci 0000:00:00.0: Limiting direct PCI/PCI transfers
[    4.216493] pci 0000:00:01.0: Activating ISA DMA hang workarounds
[    4.235503] Trying to unpack rootfs image as initramfs...
[    6.969791] Freeing initrd memory: 10512K (ffff880036b68000 - ffff8800375ac000)
[    6.994451] platform rtc_cmos: registered platform RTC device (no PNP device found)
[    6.996669] Scanning for low memory corruption every 60 seconds
[    6.998967] futex hash table entries: 512 (order: 3, 32768 bytes)
[    7.003707] audit: initializing netlink subsys (disabled)
[    7.005184] audit: type=2000 audit(1485730391.622:1): initialized
[    7.006989] Initialise system trusted keyring
[    7.010512] HugeTLB registered 2 MB page size, pre-allocated 0 pages
[    7.013327] zbud: loaded
[    7.014439] VFS: Disk quotas dquot_6.6.0
[    7.015740] VFS: Dquot-cache hash table entries: 512 (order 0, 4096 bytes)
[    7.021719] squashfs: version 4.0 (2009/01/31) Phillip Lougher
[    7.024299] fuse init (API version 7.23)
[    7.026521] Key type big_key registered
[    7.028637] Allocating IMA MOK and blacklist keyrings.
[    7.038187] Key type asymmetric registered
[    7.039377] Asymmetric key parser 'x509' registered
[    7.041658] Block layer SCSI generic (bsg) driver version 0.4 loaded (major 249)
[    7.047999] io scheduler noop registered
[    7.058752] io scheduler deadline registered (default)
[    7.063182] io scheduler cfq registered
[    7.064821] pci_hotplug: PCI Hot Plug PCI Core version: 0.5
[    7.073958] pciehp: PCI Express Hot Plug Controller Driver version: 0.4
[    7.127517] ACPI: AC Adapter [AC] (on-line)
[    7.182734] input: Power Button as /devices/LNXSYSTM:00/LNXPWRBN:00/input/input0
[    7.235041] ACPI: Power Button [PWRF]
[    7.241592] input: Sleep Button as /devices/LNXSYSTM:00/LNXSLPBN:00/input/input1
[    7.282584] ACPI: Sleep Button [SLPF]
[    7.294909] GHES: HEST is not enabled!
[    7.297060] ACPI: Battery Slot [BAT0] (battery present)
[    7.303225] Serial: 8250/16550 driver, 32 ports, IRQ sharing enabled
ÿ[    7.369452] 00:02: ttyS0 at I/O 0x3f8 (irq = 4, base_baud = 115200) is a 16550A
[    7.392721] Linux agpgart interface v0.103
[    7.406540] brd: module loaded
[    7.417131] loop: module loaded
[    7.421050] scsi host0: ata_piix
[    7.432447] scsi host1: ata_piix
[    7.445891] ata1: PATA max UDMA/33 cmd 0x1f0 ctl 0x3f6 bmdma 0xd000 irq 14
[    7.449634] ata2: PATA max UDMA/33 cmd 0x170 ctl 0x376 bmdma 0xd008 irq 15
[    7.457961] libphy: Fixed MDIO Bus: probed
[    7.489613] tun: Universal TUN/TAP device driver, 1.6
[    7.508696] tun: (C) 1999-2004 Max Krasnyansky <maxk@qualcomm.com>
[    7.538654] PPP generic driver version 2.4.2
[    7.547864] ehci_hcd: USB 2.0 'Enhanced' Host Controller (EHCI) Driver
[    7.597518] ehci-pci: EHCI PCI platform driver
[    7.713159] ehci-platform: EHCI generic platform driver
[    7.742903] ohci_hcd: USB 1.1 'Open' Host Controller (OHCI) Driver
[    7.763661] ohci-pci: OHCI PCI platform driver
[    7.770567] ohci-platform: OHCI generic platform driver
[    7.775164] uhci_hcd: USB Universal Host Controller Interface driver
[    7.800952] i8042: PNP: PS/2 Controller [PNP0303:PS2K,PNP0f03:PS2M] at 0x60,0x64 irq 1,12
[    7.808083] serio: i8042 KBD port at 0x60,0x64 irq 1
[    7.812625] serio: i8042 AUX port at 0x60,0x64 irq 12
[    7.817490] mousedev: PS/2 mouse device common for all mice
[    7.843528] rtc_cmos rtc_cmos: rtc core: registered rtc_cmos as rtc0
[    7.894321] rtc_cmos rtc_cmos: alarms up to one day, 114 bytes nvram
[    7.970029] i2c /dev entries driver
[    7.973702] input: AT Translated Set 2 keyboard as /devices/platform/i8042/serio0/input/input2
[    7.993052] device-mapper: uevent: version 1.0.3
[    7.997667] device-mapper: ioctl: 4.34.0-ioctl (2015-10-28) initialised: dm-devel@redhat.com
[    8.015158] tsc: Refined TSC clocksource calibration: 2902.655 MHz
[    8.047649] clocksource: tsc: mask: 0xffffffffffffffff max_cycles: 0x29d70f1a2ea, max_idle_ns: 440795209846 ns
[    8.047744] ledtrig-cpu: registered to indicate activity on CPUs
[    8.048144] NET: Registered protocol family 10
[    8.048357] NET: Registered protocol family 17
[    8.048369] Key type dns_resolver registered
[    8.052053] microcode: CPU0 sig=0x406e3, pf=0x2, revision=0x0
[    8.052070] microcode: CPU1 sig=0x406e3, pf=0x2, revision=0x0
[    8.052171] microcode: Microcode Update Driver: v2.01 <tigran@aivazian.fsnet.co.uk>, Peter Oruba
[    8.052325] registered taskstats version 1
[    8.052344] Loading compiled-in X.509 certificates
[    8.053142] Loaded X.509 cert 'Build time autogenerated kernel key: 6ffa6bfaa152a74cd2b6aa1e188cb999d8f5632b'
[    8.053162] zswap: loaded using pool lzo/zbud
[    8.080274] Key type trusted registered
[    8.083260] Key type encrypted registered
[    8.083268] AppArmor: AppArmor sha1 policy hashing enabled
[    8.083271] ima: No TPM chip found, activating TPM-bypass!
[    8.083291] evm: HMAC attrs: 0x1
[    8.083695]   Magic number: 1:822:907
[    8.084219] rtc_cmos rtc_cmos: setting system clock to 2017-01-29 22:53:11 UTC (1485730391)
[    8.084325] BIOS EDD facility v0.16 2004-Jun-25, 0 devices found
[    8.084325] EDD information not available.
[    8.310915] Freeing unused kernel memory: 1488K (ffffffff81f44000 - ffffffff820b8000)
[    8.326893] Write protecting the kernel read-only data: 14336k
[    8.340079] Freeing unused kernel memory: 1792K (ffff880001840000 - ffff880001a00000)
[    8.343660] Freeing unused kernel memory: 136K (ffff880001dde000 - ffff880001e00000)
Loading, please wait...
starting version[    8.368779] random: systemd-udevd: uninitialized urandom read (16 bytes read, 3 bits of entropy available)
 229
[    8.369665] random: udevadm: uninitialized urandom read (16 bytes read, 3 bits of entropy available)
[    8.369699] random: udevadm: uninitialized urandom read (16 bytes read, 3 bits of entropy available)
[    8.369802] random: udevadm: uninitialized urandom read (16 bytes read, 3 bits of entropy available)
[    8.369839] random: udevadm: uninitialized urandom read (16 bytes read, 3 bits of entropy available)
[    8.369879] random: udevadm: uninitialized urandom read (16 bytes read, 3 bits of entropy available)
[    8.369961] random: udevadm: uninitialized urandom read (16 bytes read, 3 bits of entropy available)
[    8.369995] random: udevadm: uninitialized urandom read (16 bytes read, 3 bits of entropy available)
[    8.370032] random: udevadm: uninitialized urandom read (16 bytes read, 3 bits of entropy available)
[    8.370065] random: udevadm: uninitialized urandom read (16 bytes read, 3 bits of entropy available)
[    8.560658] e1000: Intel(R) PRO/1000 Network Driver - version 7.3.21-k8-NAPI
[    8.596051] e1000: Copyright (c) 1999-2006 Intel Corporation.
[    8.607809] Fusion MPT base driver 3.04.20
[    8.617427] Copyright (c) 1999-2008 LSI Corporation
[    8.640498] AVX version of gcm_enc/dec engaged.
[    8.643336] AES CTR mode by8 optimization enabled
[    8.656048] Fusion MPT SPI Host driver 3.04.20
[    8.839732] input: ImExPS/2 Generic Explorer Mouse as /devices/platform/i8042/serio1/input/input4
[    9.348280] e1000 0000:00:03.0 eth0: (PCI:33MHz:32-bit) 02:6d:90:52:c7:b2
[    9.370888] e1000 0000:00:03.0 eth0: Intel(R) PRO/1000 Network Connection
[    9.382034] mptbase: ioc0: Initiating bringup
[    9.387419] e1000 0000:00:03.0 enp0s3: renamed from eth0
[    9.457722] ioc0: LSI53C1030 A0: Capabilities={Initiator}
[    9.627415] scsi host2: ioc0: LSI53C1030 A0, FwRev=00000000h, Ports=1, MaxQ=256, IRQ=20
[    9.799205] scsi 2:0:0:0: Direct-Access     VBOX     HARDDISK         1.0  PQ: 0 ANSI: 5
[    9.803022] scsi target2:0:0: Beginning Domain Validation
[    9.810288] scsi target2:0:0: Domain Validation skipping write tests
[    9.821596] scsi target2:0:0: Ending Domain Validation
[    9.823153] scsi target2:0:0: asynchronous
[    9.826062] scsi 2:0:1:0: Direct-Access     VBOX     HARDDISK         1.0  PQ: 0 ANSI: 5
[    9.843308] scsi target2:0:1: Beginning Domain Validation
[    9.854604] scsi target2:0:1: Domain Validation skipping write tests
[    9.857667] scsi target2:0:1: Ending Domain Validation
[    9.860129] scsi target2:0:1: asynchronous
[    9.881682] sd 2:0:0:0: Attached scsi generic sg0 type 0
[    9.909083] sd 2:0:0:0: [sda] 20971520 512-byte logical blocks: (10.7 GB/10.0 GiB)
[    9.910814] sd 2:0:1:0: [sdb] 20480 512-byte logical blocks: (10.5 MB/10.0 MiB)
[    9.911069] sd 2:0:1:0: [sdb] Write Protect is off
[    9.911182] sd 2:0:1:0: [sdb] Incomplete mode parameter data
[    9.911183] sd 2:0:1:0: [sdb] Assuming drive cache: write through
[    9.911824] sd 2:0:1:0: Attached scsi generic sg1 type 0
[    9.913285] sd 2:0:1:0: [sdb] Attached SCSI disk
[   10.025890] sd 2:0:0:0: [sda] Write Protect is off
[   10.076897] sd 2:0:0:0: [sda] Incomplete mode parameter data
[   10.112349] sd 2:0:0:0: [sda] Assuming drive cache: write through
[   10.120210]  sda: sda1
[   10.124755] sd 2:0:0:0: [sda] Attached SCSI disk
[   11.754152] floppy0: no floppy controllers found
Begin: Loading essential drivers ... [   13.465828] md: linear personality registered for level -1
[   13.519322] md: multipath personality registered for level -4
[   13.526755] md: raid0 personality registered for level 0
[   13.537943] md: raid1 personality registered for level 1
[   13.614185] raid6: sse2x1   gen()  3775 MB/s
[   13.681915] raid6: sse2x1   xor()  3754 MB/s
[   13.749956] raid6: sse2x2   gen()  7150 MB/s
[   13.834085] raid6: sse2x2   xor()  2233 MB/s
[   13.925979] raid6: sse2x4   gen()  7526 MB/s
[   14.010121] raid6: sse2x4   xor()  6263 MB/s
[   14.037824] raid6: using algorithm sse2x4 gen() 7526 MB/s
[   14.046924] raid6: .... xor() 6263 MB/s, rmw enabled
[   14.076269] raid6: using ssse3x2 recovery algorithm
[   14.081899] xor: automatically using best checksumming function:
[   14.134169]    avx       : 21742.000 MB/sec
[   14.160157] async_tx: api initialized (async)
[   14.193198] md: raid6 personality registered for level 6
[   14.198143] md: raid5 personality registered for level 5
[   14.214889] md: raid4 personality registered for level 4
[   14.237754] md: raid10 personality registered for level 10
done.
Begin: Running /scripts/init-premount ... done.
Begin: Mounti[   14.279579] Btrfs loaded
ng root file system ... Begin: Running /scripts/local-top ... do[   14.319294] EXT4-fs (sda1): mounted filesystem with ordered data mode. Opts: (null)
ne.
Begin: Running /scripts/local-premount ... Scanning for Btrfs filesystems
done.
Warning: fsck not present, so skipping root file system
done.
Begin: Running /scripts/local-bottom ... done.
Begin: Running /scripts/init-bottom ... done.
[   14.411706] systemd[1]: systemd 229 running in system mode. (+PAM +AUDIT +SELINUX +IMA +APPARMOR +SMACK +SYSVINIT +UTMP +LIBCRYPTSETUP +GCRYPT +GNUTLS +ACL +XZ -LZ4 +SECCOMP +BLKID +ELFUTILS +KMOD -IDN)
[   14.469090] systemd[1]: Detected virtualization oracle.
[   14.483867] systemd[1]: Detected architecture x86-64.

Welcome to [1mUbuntu 16.04.1 LTS[0m!

[   14.526498] systemd[1]: Set hostname to <ubuntu>.
[   14.571963] systemd[1]: Initializing machine ID from random generator.
[   14.582251] systemd[1]: Installed transient /etc/machine-id file.
[   14.677930] systemd[1]: Listening on LVM2 metadata daemon socket.
[[0;32m  OK  [0m] Listening on LVM2 metadata daemon socket.
[   14.713843] systemd[1]: Created slice System Slice.
[[0;32m  OK  [0m] Created slice System Slice.
[   14.766585] systemd[1]: Reached target Swap.
[[0;32m  OK  [0m] Reached target Swap.
[   14.780376] systemd[1]: Created slice User and Session Slice.
[[0;32m  OK  [0m] Created slice User and Session Slice.
[   14.786886] systemd[1]: Reached target Slices.
[[0;32m  OK  [0m] Reached target Slices.
[   14.806930] systemd[1]: Created slice system-serial\x2dgetty.slice.
[[0;32m  OK  [0m] Created slice system-serial\x2dgetty.slice.
[   14.898462] systemd[1]: Reached target Encrypted Volumes.
[[0;32m  OK  [0m] Reached target Encrypted Volumes.
[   14.912802] systemd[1]: Listening on /dev/initctl Compatibility Named Pipe.
[[0;32m  OK  [0m] Listening on /dev/initctl Compatibility Named Pipe.
[   14.929748] systemd[1]: Listening on Journal Socket.
[[0;32m  OK  [0m] Listening on Journal Socket.
[   14.958386] systemd[1]: Starting Set console keymap...
         Starting Set console keymap...
[   14.983448] systemd[1]: Reached target User and Group Name Lookups.
[[0;32m  OK  [0m] Reached target User and Group Name Lookups.
[   15.018074] systemd[1]: Starting Create list of required static device nodes for the current kernel...
         Starting Create list of required st... nodes for the current kernel...
[   15.106595] systemd[1]: Starting Load Kernel Modules...
[   15.118146] Loading iSCSI transport class v2.0-870.
         Starting Load Kernel Mo[   15.137039] iscsi: registered transport (tcp)
dules...
[   15.163159] systemd[1]: Starting Nameserver information manager...
         Starting Nameserver information manager...
[   15.188783] systemd[1]: Starting Remount Root and Kernel File Systems...
         Starting Remount[   15.204158] EXT4-fs (sda1): re-mounted. Opts: (null)
 Root and Kernel[   15.210384] random: nonblocking pool is initialized
 File Systems...
[   15.228251] systemd[1]: Listening on Journal Socket (/dev/log).
[[0;32m  OK  [0m] Listening on Journal Socket (/dev/log).
[   15.260884] iscsi: registered transport (iser)
[   15.282356] systemd[1]: Mounting POSIX Message Queue File System...
         Mounting POSIX Message Queue File System...
[   15.354746] systemd[1]: Set up automount Arbitrary Executable File Formats File System Automount Point.
[[0;32m  OK  [0m] Set up automount Arbitrary Executab...ats File System Automount Point.
[   15.547327] systemd[1]: Listening on udev Control Socket.
[[0;32m  OK  [0m] Listening on udev Control Socket.
[   15.658515] systemd[1]: Started Forward Password Requests to Wall Directory Watch.
[[0;32m  OK  [0m] Started Forward Password Requests to Wall Directory Watch.
[   15.680455] systemd[1]: Listening on Journal Audit Socket.
[[0;32m  OK  [0m] Listening on Journal Audit Socket.
[   15.766693] systemd[1]: Listening on udev Kernel Socket.
[[0;32m  OK  [0m] Listening on udev Kernel Socket.
[   15.814260] systemd[1]: Starting Uncomplicated firewall...
         Starting Uncomplicated firewall...
[   15.858838] systemd[1]: Listening on Device-mapper event daemon FIFOs.
[[0;32m  OK  [0m] Listening on Device-mapper event daemon FIFOs.
[   15.898316] systemd[1]: Starting Monitoring of LVM2 mirrors, snapshots etc. using dmeventd or progress polling...
         Starting Monitoring of LVM2 mirrors... dmeventd or progress polling...
[   15.959716] systemd[1]: Listening on LVM2 poll daemon socket.
[[0;32m  OK  [0m] Listening on LVM2 poll daemon socket.
[   16.022355] systemd[1]: Mounting Debug File System...
         Mounting Debug File System...
[   16.040709] systemd[1]: Mounting Huge Pages File System...
         Mounting Huge Pages File System...
[   16.074244] systemd[1]: Listening on Syslog Socket.
[[0;32m  OK  [0m] Listening on Syslog Socket.
[   16.094464] systemd[1]: Starting Journal Service...
         Starting Journal Service...
[   16.110495] systemd[1]: Mounted Debug File System.
[[0;32m  OK  [0m] Mounted Debug File System.
[   16.128944] systemd[1]: Mounted POSIX Message Queue File System.
[[0;32m  OK  [0m] Mounted POSIX Message Queue File System.
[   16.148971] systemd[1]: Mounted Huge Pages File System.
[[0;32m  OK  [0m] Mounted Huge Pages File System.
[   16.158766] systemd[1]: Started Journal Service.
[[0;32m  OK  [0m] Started Journal Service.
[[0;32m  OK  [0m] Started Set console keymap.
[[0;32m  OK  [0m] Started Create list of required sta...ce nodes for the current kernel.
[[0;32m  OK  [0m] Started Load Kernel Modules.
[[0;32m  OK  [0m] Started Remount Root and Kernel File Systems.
[[0;32m  OK  [0m] Started Uncomplicated firewall.
[[0;32m  OK  [0m] Started Nameserver information manager.
[[0;32m  OK  [0m] Started LVM2 metadata daemon.
         Starting Initial cloud-init job (pre-networking)...
         Starting udev Coldplug all Devices...
         Starting Load/Save Random Seed...
         Mounting FUSE Control File System...
         Starting Apply Kernel Variables...
         Starting Create Static Device Nodes in /dev...
         Starting Flush Journal to Persistent Storage...
[[0;32m  OK  [0m] Mounted FUSE Control File System.
[[0;32m  OK  [0m] Started Load/Save Random Seed.
[[0;32m  OK  [0m] Started Apply Kernel Variables.
[[0;32m  OK  [0m] Started Create Static Device Nodes in /dev.
[[0;32m  OK  [0m] Started Monitoring of LVM2 mirrors,...ng dmeventd or progress polling.
[[0;32m  OK  [0m] Started udev Coldplug all Devices.
[[0;32m  OK  [0m] Started Flush Journal to Persistent Storage.
         Starting udev Kernel Device Manager...
[[0;32m  OK  [0m] Started udev Kernel Device Manager.
[[0;32m  OK  [0m] Reached target Local File Systems (Pre).
[[0;32m  OK  [0m] Reached target Local File Systems.
         Starting Commit a transient machine-id on disk...
         Starting Set console font and keymap...
         Starting Create Volatile Files and Directories...
         Starting LSB: AppArmor initialization...
         Starting Tell Plymouth To Write Out Runtime Data...
[[0;32m  OK  [0m] Started Dispatch Password Requests to Console Directory Watch.
[[0;32m  OK  [0m] Started Commit a transient machine-id on disk.
[[0;32m  OK  [0m] Started Create Volatile Files and Directories.
[[0;32m  OK  [0m] Started Tell Plymouth To Write Out Runtime Data.
[[0;32m  OK  [0m] Reached target System Time Synchronized.
         Starting Update UTMP about System Boot/Shutdown...
[[0;32m  OK  [0m] Started Update UTMP about System Boot/Shutdown.
[[0;32m  OK  [0m] Found device /dev/ttyS0.
[   14.970755] cloud-init[471]: Cloud-init v. 0.7.8 running 'init-local' at Sun, 29 Jan 2017 22:53:21 +0000. Up 14.34 seconds.
[[0;32m  OK  [0m] Started Initial cloud-init job (pre-networking).
[[0;32m  OK  [0m] Reached target Network (Pre).
[[0;32m  OK  [0m] Listening on Load/Save RF Kill Switch Status /dev/rfkill Watch.
[[0;32m  OK  [0m] Started LSB: AppArmor initialization.
         Starting Raise network interfaces...
[[0;32m  OK  [0m] Started Set console font and keymap.
[[0;32m  OK  [0m] Created slice system-getty.slice.
[[0;32m  OK  [0m] Started Raise network interfaces.
         Starting Initial cloud-init job (metadata service crawler)...
[[0;32m  OK  [0m] Reached target Network.
[   18.351969] cloud-init[1051]: Cloud-init v. 0.7.8 running 'init' at Sun, 29 Jan 2017 22:53:24 +0000. Up 17.64 seconds.
[   18.392833] cloud-init[1051]: ci-info: +++++++++++++++++++++++++++++++++++++Net device info++++++++++++++++++++++++++++++++++++++
[   18.484766] cloud-init[1051]: ci-info: +--------+------+----------------------------+---------------+-------+-------------------+
[[0;32m  OK  [0m] Started Initial cloud-init job (metadata service crawler).
[   18.485519] cloud-init[1051]: ci-info: | Device |  Up  |          Address           |      Mask     | Scope |     Hw-Address    |
[[0;32m  OK  [0m] Reached target Network is Online.
[   18.632377] cloud-init[1051]: ci-info: +--------+------+----------------------------+---------------+-------+-------------------+
[   18.668625]          cloud-initStarting iSCSI initiator daemon (iscsid)...[1051]: 
ci-info: | enp0s3 | True |         10.0.2.15          | 255.255.255.0 |   .   | 02:6d:90:52:c7:b2 |
[   18.699396] [[0;32m  OK  [0m] Reached target System Initialization.
cloud-init[1051]: ci-info: | enp0s3 | True | fe80::6d:90ff:fe52:c7b2/64 |       .       |  link | 02:6d:90:52:c7:b2 |
[   18.730542]          cloud-initStarting Socket activation for snappy daemon.[1051]: 
ci-info: |   lo   | True |         127.0.0.1          |   255.0.0.0   |   .   |         .         |
[   18.771572] [[0;32m  OK  [0m] cloud-initStarted ACPI Events Check.[1051]: 
ci-info: |   lo   | True |          ::1/128           |       .       |  host |         .         |
[   18.848623] cloud-init[1051]: ci-info: +--------+------+----------------------------+---------------+-------+-------------------+
[[0;32m  OK  [0m] Listening on D-Bus System Message Bus Socket.
[[0;32m  OK  [0m] Started Timer to automatically refresh installed snaps.
[[0;32m  OK  [0m] Started Trigger resolvconf update for networkd DNS.
[   18.849911] cloud-init[1051]: ci-info: +++++++++++++++++++++++++++Route IPv4 info++++++++++++++++++++++++++++
[   19.108515] [cloud-init[0;32m  OK  [0m[1051]: ] ci-info: +-------+-------------+----------+---------------+-----------+-------+Reached target Paths.

[   19.236676] [cloud-init[0;32m  OK  [0m[1051]: ] ci-info: | Route | Destination | Gateway  |    Genmask    | Interface | Flags |Started Daily apt activities.

[   19.237296]          Starting LXD - unix socket.
[[0;32m  OK  [0m] Listening on UUID daemon activation socket.
[[0;32m  OK  [0m] Listening on ACPID Listen Socket.
[[0;32m  OK  [0m] Started Daily Cleanup of Temporary Directories.
[[0;32m  OK  [0m] Reached target Timers.
[[0;32m  OK  [0m] Reached target Cloud-config availability.
cloud-init[1051]: ci-info: +-------+-------------+----------+---------------+-----------+-------+
[   19.553913] [cloud-init[0;32m  OK  [0m[1051]: ] ci-info: |   0   |   0.0.0.0   | 10.0.2.2 |    0.0.0.0    |   enp0s3  |   UG  |Listening on Socket activation for snappy daemon.

[[0;32m  OK  [0m] Listening on LXD - unix socket.
[[0;32m  OK  [0m] Started iSCSI initiator daemon (iscsid).
[   19.554691] cloud-init[1051]: ci-info: |   1   |   10.0.2.0  | 0.0.0.0  | 255.255.255.0 |   enp0s3  |   U   |
[   19.764598]          cloud-initStarting Login to default iSCSI targets...[1051]: 
ci-info: +-------+-------------+----------+---------------+-----------+-------+
[[0;32m  OK  [0m] Reached target Sockets.
[[0;32m  OK  [0m] Reached target Basic System.
[   19.865222] cloud-init[1051]: Generating public/private rsa key pair.
[   19.925204]          cloud-initStarting Pollinate to seed the pseudo random number generator...[1051]: 
Your identification has been saved in /etc/ssh/ssh_host_rsa_key.
[   19.980350]          cloud-initStarting LSB: MD monitoring daemon...[1051]: 
Your public key has been saved in /etc/ssh/ssh_host_rsa_key.pub.
[   20.080408] [cloud-init[0;32m  OK  [0m[1051]: ] The key fingerprint is:Started D-Bus System Message Bus.

[   20.081074] cloud-init[1051]: SHA256:B6IsyGgalicrHZQ7pIZnJ+wTFmitmhbiexqYAOtYlqM root@ubuntu-xenial
[   20.171173]          Starting LXD - container startup/shutdown...
cloud-init[1051]: The key's randomart image is:
[   20.202345] cloud-init[1051]: +---[RSA 2048]----+
[   20.203220] cloud-init[1051]: |                 |
[[0;32m  OK  [0m] [   20.203289] Started Regular background program processing daemon.cloud-init
[1051]: | ...             |
[   20.356795]          cloud-initStarting LSB: Record successful boot for GRUB...[1051]: 
|o.=.  . .        |
[[0;32m  OK  [0m] Started Deferred execution scheduler.
[   20.373080]          Starting Apply the settings specified in cloud-config...
cloud-init[1051]: |*Bo= . . .       |
[   20.400949] [cloud-init[0;32m  OK  [0m[1051]: ] |XX^.+   S .      |Started Snappy daemon.

[   20.401544] cloud-init[1051]: |&&=O     .       |
[   20.468629]          cloud-initStarting Auto import assertions from block devices...[1051]: 
|E*+              |
[   20.469147] cloud-init[1051]: |o oo             |
         Starting Login Service...
[   20.595924] cloud-init[1051]: | oo              |
[   20.644531] cloud-init[1051]: +----[SHA256]-----+
         Starting Accounts Service...
[   20.710816] cloud-init[1051]: Generating public/private dsa key pair.
[   20.737076] cloud-init[1051]: Your identification has been saved in /etc/ssh/ssh_host_dsa_key.
[[0;32m  OK  [0m] Started FUSE filesystem for LXC.
[   20.767701] cloud-init[1051]: Your public key has been saved in /etc/ssh/ssh_host_dsa_key.pub.
[[0;32m  OK  [0m] Started ACPI event daemon.
[   20.858588] cloud-init[1051]: The key fingerprint is:
[   21.009103]          cloud-initStarting /etc/rc.local Compatibility...[1051]: 
SHA256:WjVeu1qzewLkzLnjBHHQ4nItq0JV9Fr306vWIGDkkWA root@ubuntu-xenial
         Starting System Logging Service...
[   21.073489] cloud-init[1051]: The key's randomart image is:
[   21.092450] [cloud-init[0;32m  OK  [0m[1051]: ] +---[DSA 1024]----+Started System Logging Service.

[   21.093232] cloud-init[1051]: |       E+..      |
[   21.122373] [cloud-init[0;32m  OK  [0m[1051]: ] |      . o*.      |Started LXD - container startup/shutdown.

[   21.122992] cloud-init[1051]: |       o+oB o    |
[   21.173463] [[0;32m  OK  [0m] Started Auto import assertions from block devices.
[[0;32m  OK  [0m] Started /etc/rc.local Compatibility.
cloud-init[1051]: |      o +@o+ o . |
[   21.210895] cloud-init[1051]: |     . oSBo.. o .|
[   21.217493] cloud-init[1051]: |    .  o..*. o ..|
[   21.240449] [cloud-init[0;32m  OK  [0m[1051]: ] |   .  ..  .o= o. |Started LSB: MD monitoring daemon.

[   21.243546] cloud-init[1051]: |    . .  .oo.+o. |
[   21.305310] [cloud-init[0;32m  OK  [0m[1051]: ] |     .   .o.+=   |Started LSB: Record successful boot for GRUB.

[   21.306146] cloud-init[1051]: +----[SHA256]-----+
[[0;32m  OK  [0m] Started Login to default iSCSI targets.
[   21.353312] cloud-init[1051]: Generating public/private ecdsa key pair.
[   21.380155] cloud-init[1051]: Your identification has been saved in /etc/ssh/ssh_host_ecdsa_key.
[   21.400289] cloud-init[1051]: Your public key has been saved in /etc/ssh/ssh_host_ecdsa_key.pub.
[   21.416599] [cloud-init[0;32m  OK  [0m[1051]: ] The key fingerprint is:Started Login Service.

[   21.417156] cloud-init[1051]: SHA256:XVGkTj4DpYhWvfkPWHpDU/IZfIFh2urVnVxCdQ31exA root@ubuntu-xenial
[   21.588546]          Starting Authenticate and Authorize Users to Run Privileged Tasks...
[[0;32m  OK  [0m] Reached target Remote File Systems (Pre).
[[0;32m  OK  [0m] Reached target Remote File Systems.
cloud-init[1051]: The key's randomart image is:
[   21.640389]          cloud-initStarting LSB: Set the CPU Frequency Scaling governor to "ondemand"...[1051]: 
+---[ECDSA 256]---+
[   21.641288] cloud-init[1051]: |        ..  o*E=*|
[   21.660777] cloud-init[1051]: |       o ..o==+.=|
[   21.696382]          cloud-initStarting LSB: daemon to balance interrupts for SMP systems...[1051]: 
|      o . o++=o+o|
[   21.726021]          cloud-initStarting LSB: automatic crash report generation...[1051]: 
|     .   .o*= =o=|
[   21.770765]          cloud-initStarting Permit User Sessions...[1051]: 
|        S .B=o =o|
[   21.774223] cloud-init[1051]: |          + *o  .|
[   21.784321]          cloud-initStarting LSB: VirtualBox Linux Additions...[1051]: 
|           o +   |
[[0;32m  OK  [0m] Started Pollinate to seed the pseudo random number generator.
[[0;32m  OK  [0m] Started Permit User Sessions.
[[0;32m  OK  [0m] Started Authenticate and Authorize Users to Run Privileged Tasks.
[[0;32m  OK  [0m] Started Accounts Service.
[   21.796275] cloud-init[1051]: |              .  |
[   21.995208] cloud-init[1051]: |                 |
[   21.999172] cloud-init[1051]: +----[SHA256]-----+
[   22.006221] cloud-init[1051]: Generating public/private ed25519 key pair.
[   22.024649] [cloud-init[0;32m  OK  [0m[1051]: ] Your identification has been saved in /etc/ssh/ssh_host_ed25519_key.Started LSB: Set the CPU Frequency Scaling governor to "ondemand".

[   22.025286] cloud-init[1051]: Your public key has been saved in /etc/ssh/ssh_host_ed25519_key.pub.
[   22.109322] cloud-init[1051]: The key fingerprint is:
[   22.113571] cloud-init[1051]: SHA256:ibXNRv9GtX5e8PpyTPMBUP/6Cj2f4UoVsUDucv+Ft48 root@ubuntu-xenial
[   22.140479] cloud-init[1051]: The key's randomart image is:
         Starting Hold until boot process finishes up...
         Starting Terminate Plymouth Boot Screen...
         Starting OpenBSD Secure Shell server...
[[0;32m  OK  [0m] Started LSB: daemon to balance interrupts for SMP systems.
[[0;32m  OK  [0m] Started LSB: automatic crash report generation.
[   22.143704] cloud-init[1051]: +--[ED25519 256]--+
[   22.210098] [cloud-init[0;32m  OK  [0m[1051]: ] |            o+ . |Started Hold until boot process finishes up.

[[0;32m  OK  [0m] Started Terminate Plymouth Boot Screen.
[[0;32m  OK  [0m] Started OpenBSD Secure Shell server.
[   22.211042] cloud-init[1051]: |           .. o o|
[   22.248548] cloud-init[1051]: |        . . .. +.|
[   22.253376] cloud-init[1051]: |       o * ... .+|
[   22.257853] cloud-init[1051]: |      . S +..o+o.|
         Stopping OpenBSD Secure Shell server...
[   22.277031] cloud-init[1051]: |         .  o++B.|
[   22.320723] cloud-init[1051]: |            ..B*X|
[   22.321285] cloud-init[1051]: |            .ooO%|
         Starting Set console scheme...
[   22.322051] cloud-init[1051]: |             .EOO|
[[   22.387925] cloud-init[1051]: +----[SHA256]-----+
[0;32m  OK  [0m] Started Serial Getty on ttyS0.
[   22.395484] cloud-init[1208]: Generating locales (this might take a while)...
[   22.446211] cloud-init[1208]:   en_US.UTF-8... done
[[0;32m  OK  [0m] Started Getty on tty1.
[[0;32m  OK  [0m[   22.446958] cloud-init[1208]: Generation complete.
] Reached target Login Prompts.
[[0;32m  OK  [0m] Started LSB: VirtualBox Linux Additions.
[[0;32m  OK  [0m] Stopped OpenBSD Secure Shell server.
[[0;32m  OK  [0m] Started Set console scheme.
         Starting OpenBSD Secure Shell server...
[[0;32m  OK  [0m] Started OpenBSD Secure Shell server.
[[0;32m  OK  [0m] Reached target Multi-User System.
[[0;32m  OK  [0m] Reached target Graphical Interface.
         Starting Update UTMP about System Runlevel Changes...
[[0;32m  OK  [0m] Started Update UTMP about System Runlevel Changes.
[   23.038608] cloud-init[1208]: Cloud-init v. 0.7.8 running 'modules:config' at Sun, 29 Jan 2017 22:53:27 +0000. Up 20.80 seconds.
[[0;32m  OK  [0m] Started Apply the settings specified in cloud-config.
         Starting Execute cloud user/final scripts...
ci-info: no authorized ssh keys fingerprints found for user ubuntu.
<14>Jan 29 22:53:30 ec2: 
<14>Jan 29 22:53:30 ec2: #############################################################
<14>Jan 29 22:53:30 ec2: -----BEGIN SSH HOST KEY FINGERPRINTS-----
<14>Jan 29 22:53:30 ec2: 1024 SHA256:WjVeu1qzewLkzLnjBHHQ4nItq0JV9Fr306vWIGDkkWA root@ubuntu-xenial (DSA)
<14>Jan 29 22:53:30 ec2: 256 SHA256:XVGkTj4DpYhWvfkPWHpDU/IZfIFh2urVnVxCdQ31exA root@ubuntu-xenial (ECDSA)
<14>Jan 29 22:53:30 ec2: 256 SHA256:ibXNRv9GtX5e8PpyTPMBUP/6Cj2f4UoVsUDucv+Ft48 root@ubuntu-xenial (ED25519)
<14>Jan 29 22:53:30 ec2: 2048 SHA256:B6IsyGgalicrHZQ7pIZnJ+wTFmitmhbiexqYAOtYlqM root@ubuntu-xenial (RSA)
<14>Jan 29 22:53:30 ec2: -----END SSH HOST KEY FINGERPRINTS-----
<14>Jan 29 22:53:30 ec2: #############################################################
-----BEGIN SSH HOST KEY KEYS-----
ecdsa-sha2-nistp256 AAAAE2VjZHNhLXNoYTItbmlzdHAyNTYAAAAIbmlzdHAyNTYAAABBBDwnleGFvMhqz5GAu3ZGQ8sqmEBUcwopCM3Nt1RzQVVpDV6tJQbR0I+YhN5C4b2XBwz9ehaJ/5gMfrtopS8FUZE= root@ubuntu-xenial
ssh-ed25519 AAAAC3NzaC1lZDI1NTE5AAAAIC9JwtUw3iIKZ3GtO6Q9QdwpSdqLln9jzBXibXaCPFUf root@ubuntu-xenial
ssh-rsa AAAAB3NzaC1yc2EAAAADAQABAAABAQDLCtJ3pcHwsg77LcR1nkIO5+LOmbkQBDzAgSlNxix6KeQcLruv5mRDflBuRTSTolBxlgMYHUFsLFB6tr0Q81TOylySm2eSNiHgc0TkBL290cV9PJGTqb3CmARqSphtK1JAkEV9blYYtdHngPWagUNME3J/Xxf8pK0gWc6de8d2mf82DbJs2sRkzz7NLWg9D1EnhX9HGwoH7hMcl+iIywxbdF2BcbtL5m9gitbKi5pCNuywV/JN6izdjMpIZ8X7orgZABi20beRkyRlA9vgRohDc0hjnJ9/nlRR0Bj1KqqtasWpfAOy6BXbRgSgCHjxnLnJtJ6Bb5BN/Lh6MZkhCYad root@ubuntu-xenial
-----END SSH HOST KEY KEYS-----
[   24.652790] cloud-init[1423]: Cloud-init v. 0.7.8 running 'modules:final' at Sun, 29 Jan 2017 22:53:30 +0000. Up 23.58 seconds.
[   24.748714] cloud-init[1423]: ci-info: no authorized ssh keys fingerprints found for user ubuntu.
[   24.749191] cloud-init[1423]: Cloud-init v. 0.7.8 finished at Sun, 29 Jan 2017 22:53:31 +0000. Datasource DataSourceNoCloud [seed=/dev/sdb][dsmode=net].  Up 24.64 seconds
[[0;32m  OK  [0m] Started Execute cloud user/final scripts.
[[0;32m  OK  [0m] Reached target Cloud-init target.

Ubuntu 16.04.1 LTS ubuntu-xenial ttyS0

ubuntu-xenial login: 